

================================================================
== Vivado HLS Report for 'process_pdu'
================================================================
* Date:           Thu Apr 30 11:08:08 2020

* Version:        2019.1 (Build 2552052 on Fri May 24 15:28:33 MDT 2019)
* Project:        iscsi_hls
* Solution:       iscsi_processor
* Product family: zynq
* Target device:  xc7z020-clg484-1


================================================================
== Performance Estimates
================================================================
+ Timing (ns): 
    * Summary: 
    +--------+-------+----------+------------+
    |  Clock | Target| Estimated| Uncertainty|
    +--------+-------+----------+------------+
    |ap_clk  |  10.00|     8.495|        1.25|
    +--------+-------+----------+------------+

+ Latency (clock cycles): 
    * Summary: 
    +-----+-----+-----+-----+---------+
    |  Latency  |  Interval | Pipeline|
    | min | max | min | max |   Type  |
    +-----+-----+-----+-----+---------+
    |    ?|    ?|    ?|    ?|   none  |
    +-----+-----+-----+-----+---------+

    + Detail: 
        * Instance: 
        +--------------------------+---------------+-----+-----+-----+-----+---------+
        |                          |               |  Latency  |  Interval | Pipeline|
        |         Instance         |     Module    | min | max | min | max |   Type  |
        +--------------------------+---------------+-----+-----+-----+-----+---------+
        |grp_iscsi_login_fu_178    |iscsi_login    |    ?|    ?|    ?|    ?|   none  |
        |grp_iscsi_text_fu_283     |iscsi_text     |    ?|    ?|    ?|    ?|   none  |
        |grp_iscsi_nop_out_fu_328  |iscsi_nop_out  |    ?|    ?|    ?|    ?|   none  |
        |grp_read_from_tcp_fu_343  |read_from_tcp  |   26|   26|   26|   26|   none  |
        +--------------------------+---------------+-----+-----+-----+-----+---------+

        * Loop: 
        +----------+-----+-----+----------+-----------+-----------+------+----------+
        |          |  Latency  | Iteration|  Initiation Interval  | Trip |          |
        | Loop Name| min | max |  Latency |  achieved |   target  | Count| Pipelined|
        +----------+-----+-----+----------+-----------+-----------+------+----------+
        |- Loop 1  |   48|   48|         1|          -|          -|    48|    no    |
        +----------+-----+-----+----------+-----------+-----------+------+----------+



================================================================
== Utilization Estimates
================================================================
* Summary: 
+-----------------+---------+-------+--------+-------+-----+
|       Name      | BRAM_18K| DSP48E|   FF   |  LUT  | URAM|
+-----------------+---------+-------+--------+-------+-----+
|DSP              |        -|      -|       -|      -|    -|
|Expression       |        -|      -|       0|     75|    -|
|FIFO             |        -|      -|       -|      -|    -|
|Instance         |       11|     16|    8545|  17507|    0|
|Memory           |        1|      -|       0|      0|    0|
|Multiplexer      |        -|      -|       -|    313|    -|
|Register         |        -|      -|     122|      -|    -|
+-----------------+---------+-------+--------+-------+-----+
|Total            |       12|     16|    8667|  17895|    0|
+-----------------+---------+-------+--------+-------+-----+
|Available        |      280|    220|  106400|  53200|    0|
+-----------------+---------+-------+--------+-------+-----+
|Utilization (%)  |        4|      7|       8|     33|    0|
+-----------------+---------+-------+--------+-------+-----+

+ Detail: 
    * Instance: 
    +--------------------------+---------------+---------+-------+------+-------+-----+
    |         Instance         |     Module    | BRAM_18K| DSP48E|  FF  |  LUT  | URAM|
    +--------------------------+---------------+---------+-------+------+-------+-----+
    |grp_iscsi_login_fu_178    |iscsi_login    |        5|     16|  6222|  11684|    0|
    |grp_iscsi_nop_out_fu_328  |iscsi_nop_out  |        1|      0|   160|    554|    0|
    |grp_iscsi_text_fu_283     |iscsi_text     |        5|      0|  2135|   5100|    0|
    |grp_read_from_tcp_fu_343  |read_from_tcp  |        0|      0|    28|    169|    0|
    +--------------------------+---------------+---------+-------+------+-------+-----+
    |Total                     |               |       11|     16|  8545|  17507|    0|
    +--------------------------+---------------+---------+-------+------+-------+-----+

    * DSP48E: 
    N/A

    * Memory: 
    +-------------------+-------------------------------+---------+---+----+-----+------+-----+------+-------------+
    |       Memory      |             Module            | BRAM_18K| FF| LUT| URAM| Words| Bits| Banks| W*Bits*Banks|
    +-------------------+-------------------------------+---------+---+----+-----+------+-----+------+-------------+
    |header_buffer_V_U  |iscsi_login_response_buffer_V  |        1|  0|   0|    0|    48|    8|     1|          384|
    +-------------------+-------------------------------+---------+---+----+-----+------+-----+------+-------------+
    |Total              |                               |        1|  0|   0|    0|    48|    8|     1|          384|
    +-------------------+-------------------------------+---------+---+----+-----+------+-----+------+-------------+

    * FIFO: 
    N/A

    * Expression: 
    +-------------------------------------------+----------+-------+---+----+------------+------------+
    |               Variable Name               | Operation| DSP48E| FF| LUT| Bitwidth P0| Bitwidth P1|
    +-------------------------------------------+----------+-------+---+----+------------+------------+
    |i_fu_356_p2                                |     +    |      0|  0|  15|           6|           1|
    |and_ln51_fu_375_p2                         |    and   |      0|  0|   2|           1|           1|
    |ap_condition_783                           |    and   |      0|  0|   2|           1|           1|
    |ap_predicate_op42_call_state7              |    and   |      0|  0|   2|           1|           1|
    |ap_predicate_op45_call_state7              |    and   |      0|  0|   2|           1|           1|
    |ap_predicate_op47_call_state7              |    and   |      0|  0|   2|           1|           1|
    |grp_iscsi_login_fu_178_tcp_out_V_V_TREADY  |    and   |      0|  0|   2|           1|           1|
    |icmp_ln35_fu_350_p2                        |   icmp   |      0|  0|  11|           6|           6|
    |icmp_ln53_fu_385_p2                        |   icmp   |      0|  0|  11|           6|           2|
    |icmp_ln63_fu_391_p2                        |   icmp   |      0|  0|  11|           6|           3|
    |icmp_ln80_fu_401_p2                        |   icmp   |      0|  0|  11|           6|           1|
    |ap_block_state7_on_subcall_done            |    or    |      0|  0|   2|           1|           1|
    |or_ln80_fu_407_p2                          |    or    |      0|  0|   2|           1|           1|
    +-------------------------------------------+----------+-------+---+----+------------+------------+
    |Total                                      |          |      0|  0|  75|          38|          21|
    +-------------------------------------------+----------+-------+---+----+------------+------------+

    * Multiplexer: 
    +--------------------------+----+-----------+-----+-----------+
    |           Name           | LUT| Input Size| Bits| Total Bits|
    +--------------------------+----+-----------+-----+-----------+
    |ap_NS_fsm                 |  47|         10|    1|         10|
    |header_buffer_V_address0  |  38|          7|    6|         42|
    |header_buffer_V_address1  |  21|          4|    6|         24|
    |header_buffer_V_ce0       |  33|          6|    1|          6|
    |header_buffer_V_ce1       |  21|          4|    1|          4|
    |header_buffer_V_d0        |  15|          3|    8|         24|
    |header_buffer_V_we0       |  15|          3|    1|          3|
    |header_buffer_V_we1       |   9|          2|    1|          2|
    |i_0_i_i_reg_167           |   9|          2|    6|         12|
    |instance_exp_cmd_sn       |   9|          2|   32|         64|
    |instance_initialized      |   9|          2|    1|          2|
    |instance_max_cmd_sn       |   9|          2|   32|         64|
    |instance_stat_sn          |   9|          2|   32|         64|
    |tcp_in_V_V_TREADY         |  27|          5|    1|          5|
    |tcp_out_V_V_TDATA         |  21|          4|   32|        128|
    |tcp_out_V_V_TVALID        |  21|          4|    1|          4|
    +--------------------------+----+-----------+-----+-----------+
    |Total                     | 313|         62|  162|        458|
    +--------------------------+----+-----------+-----+-----------+

    * Register: 
    +---------------------------------------+----+----+-----+-----------+
    |                  Name                 | FF | LUT| Bits| Const Bits|
    +---------------------------------------+----+----+-----+-----------+
    |and_ln51_reg_426                       |   1|   0|    1|          0|
    |ap_CS_fsm                              |   9|   0|    9|          0|
    |grp_iscsi_login_fu_178_ap_start_reg    |   1|   0|    1|          0|
    |grp_iscsi_nop_out_fu_328_ap_start_reg  |   1|   0|    1|          0|
    |grp_iscsi_text_fu_283_ap_start_reg     |   1|   0|    1|          0|
    |grp_read_from_tcp_fu_343_ap_start_reg  |   1|   0|    1|          0|
    |i_0_i_i_reg_167                        |   6|   0|    6|          0|
    |icmp_ln53_reg_430                      |   1|   0|    1|          0|
    |icmp_ln63_reg_434                      |   1|   0|    1|          0|
    |instance_discovery                     |   1|   0|    1|          0|
    |instance_exp_cmd_sn                    |  32|   0|   32|          0|
    |instance_full_featur                   |   1|   0|    1|          0|
    |instance_initialized                   |   1|   0|    1|          0|
    |instance_max_cmd_sn                    |  32|   0|   32|          0|
    |instance_stat_sn                       |  32|   0|   32|          0|
    |or_ln80_reg_438                        |   1|   0|    1|          0|
    +---------------------------------------+----+----+-----+-----------+
    |Total                                  | 122|   0|  122|          0|
    +---------------------------------------+----+----+-----+-----------+



================================================================
== Interface
================================================================
* Summary: 
+--------------------+-----+-----+------------+--------------+--------------+
|      RTL Ports     | Dir | Bits|  Protocol  | Source Object|    C Type    |
+--------------------+-----+-----+------------+--------------+--------------+
|ap_clk              |  in |    1| ap_ctrl_hs |  process_pdu | return value |
|ap_rst              |  in |    1| ap_ctrl_hs |  process_pdu | return value |
|ap_start            |  in |    1| ap_ctrl_hs |  process_pdu | return value |
|ap_done             | out |    1| ap_ctrl_hs |  process_pdu | return value |
|ap_idle             | out |    1| ap_ctrl_hs |  process_pdu | return value |
|ap_ready            | out |    1| ap_ctrl_hs |  process_pdu | return value |
|tcp_in_V_V_TDATA    |  in |   32|    axis    |  tcp_in_V_V  |    pointer   |
|tcp_in_V_V_TVALID   |  in |    1|    axis    |  tcp_in_V_V  |    pointer   |
|tcp_in_V_V_TREADY   | out |    1|    axis    |  tcp_in_V_V  |    pointer   |
|tcp_out_V_V_TDATA   | out |   32|    axis    |  tcp_out_V_V |    pointer   |
|tcp_out_V_V_TVALID  | out |    1|    axis    |  tcp_out_V_V |    pointer   |
|tcp_out_V_V_TREADY  |  in |    1|    axis    |  tcp_out_V_V |    pointer   |
+--------------------+-----+-----+------------+--------------+--------------+

