

================================================================
== Vivado HLS Report for 'read_byte_array'
================================================================
* Date:           Thu Apr 30 11:08:01 2020

* Version:        2019.1 (Build 2552052 on Fri May 24 15:28:33 MDT 2019)
* Project:        iscsi_hls
* Solution:       iscsi_processor
* Product family: zynq
* Target device:  xc7z020-clg484-1


================================================================
== Performance Estimates
================================================================
+ Timing (ns): 
    * Summary: 
    +--------+-------+----------+------------+
    |  Clock | Target| Estimated| Uncertainty|
    +--------+-------+----------+------------+
    |ap_clk  |  10.00|     2.322|        1.25|
    +--------+-------+----------+------------+

+ Latency (clock cycles): 
    * Summary: 
    +-----+-----+-----+-----+---------+
    |  Latency  |  Interval | Pipeline|
    | min | max | min | max |   Type  |
    +-----+-----+-----+-----+---------+
    |   25|   25|   25|   25|   none  |
    +-----+-----+-----+-----+---------+

    + Detail: 
        * Instance: 
        N/A

        * Loop: 
        +----------+-----+-----+----------+-----------+-----------+------+----------+
        |          |  Latency  | Iteration|  Initiation Interval  | Trip |          |
        | Loop Name| min | max |  Latency |  achieved |   target  | Count| Pipelined|
        +----------+-----+-----+----------+-----------+-----------+------+----------+
        |- Loop 1  |   24|   24|         2|          -|          -|    12|    no    |
        +----------+-----+-----+----------+-----------+-----------+------+----------+



================================================================
== Utilization Estimates
================================================================
* Summary: 
+-----------------+---------+-------+--------+-------+-----+
|       Name      | BRAM_18K| DSP48E|   FF   |  LUT  | URAM|
+-----------------+---------+-------+--------+-------+-----+
|DSP              |        -|      -|       -|      -|    -|
|Expression       |        -|      -|       0|     46|    -|
|FIFO             |        -|      -|       -|      -|    -|
|Instance         |        -|      -|       -|      -|    -|
|Memory           |        -|      -|       -|      -|    -|
|Multiplexer      |        -|      -|       -|     99|    -|
|Register         |        -|      -|      25|      -|    -|
+-----------------+---------+-------+--------+-------+-----+
|Total            |        0|      0|      25|    145|    0|
+-----------------+---------+-------+--------+-------+-----+
|Available        |      280|    220|  106400|  53200|    0|
+-----------------+---------+-------+--------+-------+-----+
|Utilization (%)  |        0|      0|   ~0   |   ~0  |    0|
+-----------------+---------+-------+--------+-------+-----+

+ Detail: 
    * Instance: 
    N/A

    * DSP48E: 
    N/A

    * Memory: 
    N/A

    * FIFO: 
    N/A

    * Expression: 
    +---------------------+----------+-------+---+----+------------+------------+
    |    Variable Name    | Operation| DSP48E| FF| LUT| Bitwidth P0| Bitwidth P1|
    +---------------------+----------+-------+---+----+------------+------------+
    |i_fu_187_p2          |     +    |      0|  0|  15|           3|           6|
    |ap_block_state2      |    and   |      0|  0|   2|           1|           1|
    |icmp_ln34_fu_107_p2  |   icmp   |      0|  0|  11|           6|           6|
    |or_ln37_fu_134_p2    |    or    |      0|  0|   6|           6|           1|
    |or_ln38_fu_165_p2    |    or    |      0|  0|   6|           6|           2|
    |or_ln39_fu_176_p2    |    or    |      0|  0|   6|           6|           2|
    +---------------------+----------+-------+---+----+------------+------------+
    |Total                |          |      0|  0|  46|          28|          18|
    +---------------------+----------+-------+---+----+------------+------------+

    * Multiplexer: 
    +-----------------------------------+----+-----------+-----+-----------+
    |                Name               | LUT| Input Size| Bits| Total Bits|
    +-----------------------------------+----+-----------+-----+-----------+
    |ap_NS_fsm                          |  21|          4|    1|          4|
    |data_address0                      |  15|          3|    6|         18|
    |data_address1                      |  15|          3|    6|         18|
    |data_d0                            |  15|          3|    8|         24|
    |data_d1                            |  15|          3|    8|         24|
    |i_0_reg_95                         |   9|          2|    6|         12|
    |stream_ap_uint_32_V_V_TDATA_blk_n  |   9|          2|    1|          2|
    +-----------------------------------+----+-----------+-----+-----------+
    |Total                              |  99|         20|   36|        102|
    +-----------------------------------+----+-----------+-----+-----------+

    * Register: 
    +--------------------+---+----+-----+-----------+
    |        Name        | FF| LUT| Bits| Const Bits|
    +--------------------+---+----+-----+-----------+
    |ap_CS_fsm           |  3|   0|    3|          0|
    |i_0_reg_95          |  6|   0|    6|          0|
    |p_Result_3_reg_196  |  8|   0|    8|          0|
    |p_Result_4_reg_201  |  8|   0|    8|          0|
    +--------------------+---+----+-----+-----------+
    |Total               | 25|   0|   25|          0|
    +--------------------+---+----+-----+-----------+



================================================================
== Interface
================================================================
* Summary: 
+------------------------------+-----+-----+------------+-----------------------+--------------+
|           RTL Ports          | Dir | Bits|  Protocol  |     Source Object     |    C Type    |
+------------------------------+-----+-----+------------+-----------------------+--------------+
|ap_clk                        |  in |    1| ap_ctrl_hs |    read_byte_array    | return value |
|ap_rst                        |  in |    1| ap_ctrl_hs |    read_byte_array    | return value |
|ap_start                      |  in |    1| ap_ctrl_hs |    read_byte_array    | return value |
|ap_done                       | out |    1| ap_ctrl_hs |    read_byte_array    | return value |
|ap_idle                       | out |    1| ap_ctrl_hs |    read_byte_array    | return value |
|ap_ready                      | out |    1| ap_ctrl_hs |    read_byte_array    | return value |
|stream_ap_uint_32_V_V_TDATA   |  in |   32|    axis    | stream_ap_uint_32_V_V |    pointer   |
|stream_ap_uint_32_V_V_TVALID  |  in |    1|    axis    | stream_ap_uint_32_V_V |    pointer   |
|stream_ap_uint_32_V_V_TREADY  | out |    1|    axis    | stream_ap_uint_32_V_V |    pointer   |
|data_address0                 | out |    6|  ap_memory |          data         |     array    |
|data_ce0                      | out |    1|  ap_memory |          data         |     array    |
|data_we0                      | out |    1|  ap_memory |          data         |     array    |
|data_d0                       | out |    8|  ap_memory |          data         |     array    |
|data_address1                 | out |    6|  ap_memory |          data         |     array    |
|data_ce1                      | out |    1|  ap_memory |          data         |     array    |
|data_we1                      | out |    1|  ap_memory |          data         |     array    |
|data_d1                       | out |    8|  ap_memory |          data         |     array    |
+------------------------------+-----+-----+------------+-----------------------+--------------+

