

================================================================
== Vivado HLS Report for 'write_byte_array_3'
================================================================
* Date:           Thu Apr 30 11:08:05 2020

* Version:        2019.1 (Build 2552052 on Fri May 24 15:28:33 MDT 2019)
* Project:        iscsi_hls
* Solution:       iscsi_processor
* Product family: zynq
* Target device:  xc7z020-clg484-1


================================================================
== Performance Estimates
================================================================
+ Timing (ns): 
    * Summary: 
    +--------+-------+----------+------------+
    |  Clock | Target| Estimated| Uncertainty|
    +--------+-------+----------+------------+
    |ap_clk  |  10.00|     5.813|        1.25|
    +--------+-------+----------+------------+

+ Latency (clock cycles): 
    * Summary: 
    +-----+-----+-----+-----+---------+
    |  Latency  |  Interval | Pipeline|
    | min | max | min | max |   Type  |
    +-----+-----+-----+-----+---------+
    |    ?|    ?|    ?|    ?|   none  |
    +-----+-----+-----+-----+---------+

    + Detail: 
        * Instance: 
        N/A

        * Loop: 
        +----------+-----+-----+----------+-----------+-----------+------+----------+
        |          |  Latency  | Iteration|  Initiation Interval  | Trip |          |
        | Loop Name| min | max |  Latency |  achieved |   target  | Count| Pipelined|
        +----------+-----+-----+----------+-----------+-----------+------+----------+
        |- Loop 1  |    ?|    ?|         3|          -|          -|     ?|    no    |
        +----------+-----+-----+----------+-----------+-----------+------+----------+



================================================================
== Utilization Estimates
================================================================
* Summary: 
+-----------------+---------+-------+--------+-------+-----+
|       Name      | BRAM_18K| DSP48E|   FF   |  LUT  | URAM|
+-----------------+---------+-------+--------+-------+-----+
|DSP              |        -|      -|       -|      -|    -|
|Expression       |        -|      -|       0|    406|    -|
|FIFO             |        -|      -|       -|      -|    -|
|Instance         |        -|      -|       -|      -|    -|
|Memory           |        -|      -|       -|      -|    -|
|Multiplexer      |        -|      -|       -|     75|    -|
|Register         |        -|      -|     117|      -|    -|
+-----------------+---------+-------+--------+-------+-----+
|Total            |        0|      0|     117|    481|    0|
+-----------------+---------+-------+--------+-------+-----+
|Available        |      280|    220|  106400|  53200|    0|
+-----------------+---------+-------+--------+-------+-----+
|Utilization (%)  |        0|      0|   ~0   |   ~0  |    0|
+-----------------+---------+-------+--------+-------+-----+

+ Detail: 
    * Instance: 
    N/A

    * DSP48E: 
    N/A

    * Memory: 
    N/A

    * FIFO: 
    N/A

    * Expression: 
    +-------------------------+----------+-------+---+----+------------+------------+
    |      Variable Name      | Operation| DSP48E| FF| LUT| Bitwidth P0| Bitwidth P1|
    +-------------------------+----------+-------+---+----+------------+------------+
    |add_ln22_fu_122_p2       |     +    |      0|  0|  39|          32|           2|
    |i_fu_257_p2              |     +    |      0|  0|  39|          32|           3|
    |sub_ln22_1_fu_152_p2     |     -    |      0|  0|  37|           1|          30|
    |sub_ln22_fu_136_p2       |     -    |      0|  0|  39|           3|          32|
    |icmp_ln22_fu_192_p2      |   icmp   |      0|  0|  18|          32|          32|
    |icmp_ln24_fu_208_p2      |   icmp   |      0|  0|  18|          32|          32|
    |icmp_ln25_fu_231_p2      |   icmp   |      0|  0|  18|          32|          32|
    |icmp_ln26_fu_247_p2      |   icmp   |      0|  0|  18|          32|          32|
    |or_ln24_fu_202_p2        |    or    |      0|  0|  32|          32|           1|
    |or_ln25_fu_225_p2        |    or    |      0|  0|  32|          32|           2|
    |or_ln26_fu_241_p2        |    or    |      0|  0|  32|          32|           2|
    |select_ln22_1_fu_176_p3  |  select  |      0|  0|  30|           1|           1|
    |select_ln22_fu_168_p3    |  select  |      0|  0|  30|           1|          30|
    |select_ln24_fu_218_p3    |  select  |      0|  0|   8|           1|           8|
    |select_ln25_fu_263_p3    |  select  |      0|  0|   8|           1|           8|
    |select_ln26_fu_270_p3    |  select  |      0|  0|   8|           1|           8|
    +-------------------------+----------+-------+---+----+------------+------------+
    |Total                    |          |      0|  0| 406|         297|         255|
    +-------------------------+----------+-------+---+----+------------+------------+

    * Multiplexer: 
    +-----------------------------------+----+-----------+-----+-----------+
    |                Name               | LUT| Input Size| Bits| Total Bits|
    +-----------------------------------+----+-----------+-----+-----------+
    |ap_NS_fsm                          |  27|          5|    1|          5|
    |data_address0                      |  15|          3|   13|         39|
    |data_address1                      |  15|          3|   13|         39|
    |i_0_reg_102                        |   9|          2|   32|         64|
    |stream_ap_uint_32_V_V_TDATA_blk_n  |   9|          2|    1|          2|
    +-----------------------------------+----+-----------+-----+-----------+
    |Total                              |  75|         15|   60|        149|
    +-----------------------------------+----+-----------+-----+-----------+

    * Register: 
    +---------------------+----+----+-----+-----------+
    |         Name        | FF | LUT| Bits| Const Bits|
    +---------------------+----+----+-----+-----------+
    |ap_CS_fsm            |   4|   0|    4|          0|
    |data_load_3_reg_318  |   8|   0|    8|          0|
    |i_0_reg_102          |  32|   0|   32|          0|
    |i_reg_348            |  32|   0|   32|          0|
    |icmp_ln24_reg_308    |   1|   0|    1|          0|
    |icmp_ln25_reg_328    |   1|   0|    1|          0|
    |icmp_ln26_reg_338    |   1|   0|    1|          0|
    |select_ln24_reg_323  |   8|   0|    8|          0|
    |tmp_12_reg_295       |  30|   0|   32|          2|
    +---------------------+----+----+-----+-----------+
    |Total                | 117|   0|  119|          2|
    +---------------------+----+----+-----+-----------+



================================================================
== Interface
================================================================
* Summary: 
+------------------------------+-----+-----+------------+-----------------------+--------------+
|           RTL Ports          | Dir | Bits|  Protocol  |     Source Object     |    C Type    |
+------------------------------+-----+-----+------------+-----------------------+--------------+
|ap_clk                        |  in |    1| ap_ctrl_hs |   write_byte_array.3  | return value |
|ap_rst                        |  in |    1| ap_ctrl_hs |   write_byte_array.3  | return value |
|ap_start                      |  in |    1| ap_ctrl_hs |   write_byte_array.3  | return value |
|ap_done                       | out |    1| ap_ctrl_hs |   write_byte_array.3  | return value |
|ap_idle                       | out |    1| ap_ctrl_hs |   write_byte_array.3  | return value |
|ap_ready                      | out |    1| ap_ctrl_hs |   write_byte_array.3  | return value |
|stream_ap_uint_32_V_V_TDATA   | out |   32|    axis    | stream_ap_uint_32_V_V |    pointer   |
|stream_ap_uint_32_V_V_TVALID  | out |    1|    axis    | stream_ap_uint_32_V_V |    pointer   |
|stream_ap_uint_32_V_V_TREADY  |  in |    1|    axis    | stream_ap_uint_32_V_V |    pointer   |
|data_address0                 | out |   13|  ap_memory |          data         |     array    |
|data_ce0                      | out |    1|  ap_memory |          data         |     array    |
|data_q0                       |  in |    8|  ap_memory |          data         |     array    |
|data_address1                 | out |   13|  ap_memory |          data         |     array    |
|data_ce1                      | out |    1|  ap_memory |          data         |     array    |
|data_q1                       |  in |    8|  ap_memory |          data         |     array    |
|length_r                      |  in |   32|   ap_none  |        length_r       |    scalar    |
+------------------------------+-----+-----+------------+-----------------------+--------------+

